Creating VST3 bundle for SimpleGain
VST3 bundle created: build/SimpleGain.vst3
Running VST3 validator on SimpleGain.vst3
validator build/SimpleGain.vst3
* Loading module...

	/home/user/Documents/code/vst3go/build/SimpleGain.vst3

* Check valid bundle structure...

* Scanning classes...

  Factory Info:
	vendor = VST3Go Examples
	url = https://github.com/vst3go/examples
	email = examples@vst3go.com

  Class Info 0:
	name = Simple Gain
	category = Audio Module Class
	subCategories = 
	version = 
	sdkVersion = 
	cid = 123456789ABCDEF01122334455667788

* Checking snapshots...

Info: No snapshots in Bundle.

* Creating tests...

* Running tests...

-------------------------------------------------------------
TestSuite : Simple Gain
-------------------------------------------------------------

-------------------------------------------------------------
TestSuite : General Tests
-------------------------------------------------------------

[Scan Editor Classes]
Info:  ===Scan Editor Classes ====================================
ERROR: The edit controller class has no valid UID!!!
[XXXXXXX Failed]

[Scan Buses]
Info:  ===Scan Buses ====================================
Info:  => Audio Buses: [1 In(s) => 1 Out(s)]
Info:       In [0]: "Audio Input" (Main-Default Active) 
Info:       Out[0]: "Audio Output" (Main-Default Active) 
Info:  => Event Buses: [0 In(s) => 0 Out(s)]
[Succeeded]

[Scan Parameters]
Info:  ===Scan Parameters ====================================
Info:  No Edit Controller supplied!
[Succeeded]

[MIDI Mapping]
Info:  ===MIDI Mapping ====================================
Info:  No Edit Controller supplied!
[Succeeded]

[MIDI Learn]
Info:  ===MIDI Learn ====================================
Info:  No Edit Controller supplied!
[Succeeded]

[Scan Units]
Info:  ===Scan Units ====================================
Info:  This component has no units.
[Succeeded]

[Scan Programs]
Info:  ===Scan Programs ====================================
Info:  This component does not export any programs.
